// Jest Snapshot v1, https://goo.gl/fbAQLP

exports[`changes the class when hovered 1`] = `
<a
  href="undefined"
  title="undefined"
>
  <img
    alt="undefined"
    src="undefined"
  />
  undefined
</a>
`;
