// Jest Snapshot v1, https://goo.gl/fbAQLP

exports[`render a basic 1`] = `ShallowWrapper {}`;
