// Jest Snapshot v1, https://goo.gl/fbAQLP

exports[`pass a selected value to the onChange handler 1`] = `ShallowWrapper {}`;
