// Jest Snapshot v1, https://goo.gl/fbAQLP

exports[`changes the class when hovered 1`] = `
<section
  className="parallax"
  data-parallax="scroll"
  style={
    Object {
      "backgroundImage": "url(undefined)",
    }
  }
/>
`;
